alpaca
  --csv (bool)
  --debug (bool)
  --help-all (bool)
  --jq (string)
  --profile (string)
  --quiet (bool)
  --schema (bool)
  --timeout (int, default=30)
  --trace (bool)
  --verbose (bool)
  --version (bool)
alpaca account activity list
  --activity-types (string)
  --after (string)
  --category (string)
  --date (string)
  --direction (string, default=desc)
  --order-id (string)
  --page-size (int, default=100)
  --page-token (string)
  --until (string)
alpaca account activity list-by-type
  --activity-type (string)
  --after (string)
  --date (string)
  --direction (string, default=desc)
  --order-id (string)
  --page-size (int, default=100)
  --page-token (string)
  --until (string)
alpaca account config get
alpaca account config set
  --disable-overnight-trading (bool)
  --fractional-trading (bool)
  --max-margin-multiplier (string)
  --max-options-trading-level (int)
  --no-shorting (bool)
  --ptp-no-exception-entry (bool)
  --suspend-trade (bool)
  --trade-confirm-email (string)
alpaca account get
alpaca account portfolio
  --cashflow-types (string)
  --end (string)
  --extended-hours (string)
  --intraday-reporting (string, default=market_hours)
  --period (string)
  --pnl-reset (string, default=per_day)
  --start (string)
  --timeframe (string)
alpaca api
  --body (string)
  --query (string)
  --use-data-api (bool)
alpaca asset get
  --symbol-or-asset-id (string)
alpaca asset list
  --asset-class (string)
  --attributes (string)
  --exchange (string)
  --status (string)
alpaca calendar
  --date-type (string)
  --end (string)
  --start (string)
alpaca calendar market
  --end (string)
  --market (string)
  --start (string)
  --timezone (string)
alpaca clock
alpaca clock markets
  --markets (string)
  --time (string)
alpaca corporate-action get
  --id (string)
alpaca corporate-action list
  --ca-types (string)
  --cusip (string)
  --date-type (string)
  --since (string)
  --symbol (string)
  --until (string)
alpaca data auction
  --asof (string)
  --currency (string)
  --end (string)
  --feed (string, default=sip)
  --limit (int, default=1000)
  --page-token (string)
  --sort (string)
  --start (string)
  --symbol (string)
alpaca data auctions
  --asof (string)
  --currency (string)
  --end (string)
  --feed (string, default=sip)
  --limit (int, default=1000)
  --page-token (string)
  --sort (string)
  --start (string)
  --symbols (string)
alpaca data bars
  --adjustment (string, default=raw)
  --asof (string)
  --currency (string)
  --end (string)
  --feed (string, default=sip)
  --limit (int, default=1000)
  --page-token (string)
  --sort (string)
  --start (string)
  --symbol (string)
  --timeframe (string)
alpaca data corporate-actions
  --cusips (string)
  --data-quality (string, default=complete)
  --end (string)
  --ids (string)
  --limit (int, default=100)
  --page-token (string)
  --region (string, default=us)
  --sort (string)
  --start (string)
  --symbols (string)
  --types (string)
alpaca data crypto bars
  --end (string)
  --limit (int, default=1000)
  --loc (string, default=us)
  --page-token (string)
  --sort (string)
  --start (string)
  --symbols (string)
  --timeframe (string)
alpaca data crypto latest-bars
  --loc (string, default=us)
  --symbols (string)
alpaca data crypto latest-quotes
  --loc (string, default=us)
  --symbols (string)
alpaca data crypto latest-trades
  --loc (string, default=us)
  --symbols (string)
alpaca data crypto quotes
  --end (string)
  --limit (int, default=1000)
  --loc (string, default=us)
  --page-token (string)
  --sort (string)
  --start (string)
  --symbols (string)
alpaca data crypto snapshots
  --loc (string, default=us)
  --symbols (string)
alpaca data crypto trades
  --end (string)
  --limit (int, default=1000)
  --loc (string, default=us)
  --page-token (string)
  --sort (string)
  --start (string)
  --symbols (string)
alpaca data crypto-orderbook
  --loc (string, default=us)
  --symbols (string)
alpaca data fixed-income latest-prices
  --isins (string)
alpaca data fixed-income latest-quotes
  --isins (string)
  --trade-size (int)
alpaca data forex latest
  --currency-pairs (string)
alpaca data forex rates
  --currency-pairs (string)
  --end (string)
  --limit (int, default=1000)
  --page-token (string)
  --sort (string)
  --start (string)
  --timeframe (string, default=1Min)
alpaca data latest-bar
  --currency (string)
  --feed (string)
  --symbol (string)
alpaca data latest-bars
  --currency (string)
  --feed (string)
  --symbols (string)
alpaca data latest-quote
  --currency (string)
  --feed (string)
  --symbol (string)
alpaca data latest-quotes
  --currency (string)
  --feed (string)
  --symbols (string)
alpaca data latest-trade
  --currency (string)
  --feed (string)
  --symbol (string)
alpaca data latest-trades
  --currency (string)
  --feed (string)
  --symbols (string)
alpaca data logo
  --placeholder (bool, default=true)
  --symbol (string)
alpaca data meta conditions
  --tape (string)
  --ticktype (string)
alpaca data meta exchanges
alpaca data multi-bars
  --adjustment (string, default=raw)
  --asof (string)
  --currency (string)
  --end (string)
  --feed (string, default=sip)
  --limit (int, default=1000)
  --page-token (string)
  --sort (string)
  --start (string)
  --symbols (string)
  --timeframe (string)
alpaca data multi-quotes
  --asof (string)
  --currency (string)
  --end (string)
  --feed (string, default=sip)
  --limit (int, default=1000)
  --page-token (string)
  --sort (string)
  --start (string)
  --symbols (string)
alpaca data multi-snapshots
  --currency (string)
  --feed (string)
  --symbols (string)
alpaca data multi-trades
  --asof (string)
  --currency (string)
  --end (string)
  --feed (string, default=sip)
  --limit (int, default=1000)
  --page-token (string)
  --sort (string)
  --start (string)
  --symbols (string)
alpaca data news
  --end (string)
  --exclude-contentless (bool)
  --include-content (bool)
  --limit (int)
  --page-token (string)
  --sort (string, default=desc)
  --start (string)
  --symbols (string)
alpaca data option bars
  --end (string)
  --limit (int, default=1000)
  --page-token (string)
  --sort (string)
  --start (string)
  --symbols (string)
  --timeframe (string)
alpaca data option chain
  --expiration-date (string)
  --expiration-date-gte (string)
  --expiration-date-lte (string)
  --feed (string, default=opra)
  --limit (int, default=100)
  --page-token (string)
  --root-symbol (string)
  --strike-price-gte (string)
  --strike-price-lte (string)
  --type (string)
  --underlying-symbol (string)
  --updated-since (string)
alpaca data option conditions
  --ticktype (string)
alpaca data option exchanges
alpaca data option latest-quotes
  --feed (string, default=opra)
  --symbols (string)
alpaca data option latest-trades
  --feed (string, default=opra)
  --symbols (string)
alpaca data option snapshot
  --feed (string, default=opra)
  --limit (int, default=100)
  --page-token (string)
  --symbols (string)
  --updated-since (string)
alpaca data option trades
  --end (string)
  --limit (int, default=1000)
  --page-token (string)
  --sort (string)
  --start (string)
  --symbols (string)
alpaca data quotes
  --asof (string)
  --currency (string)
  --end (string)
  --feed (string, default=sip)
  --limit (int, default=1000)
  --page-token (string)
  --sort (string)
  --start (string)
  --symbol (string)
alpaca data screener most-actives
  --by (string, default=volume)
  --top (int, default=10)
alpaca data screener movers
  --market-type (string, default=stocks)
  --top (int, default=10)
alpaca data snapshot
  --currency (string)
  --feed (string)
  --symbol (string)
alpaca data trades
  --asof (string)
  --currency (string)
  --end (string)
  --feed (string, default=sip)
  --limit (int, default=1000)
  --page-token (string)
  --sort (string)
  --start (string)
  --symbol (string)
alpaca doctor
alpaca locate create
  --all-or-none (bool)
  --idempotency-key (string)
  --limit-price (string)
  --qty (int)
  --symbol (string)
alpaca locate get
  --locate-id (string)
alpaca locate list
  --end (string)
  --limit (int, default=1000)
  --page-token (string)
  --start (string)
  --status (string)
  --symbol (string)
alpaca locate quotes
  --symbols (string)
alpaca option contracts
  --expiration-date (string)
  --expiration-date-gte (string)
  --expiration-date-lte (string)
  --limit (int)
  --page-token (string)
  --ppind (bool)
  --root-symbol (string)
  --show-deliverables (bool)
  --status (string)
  --strike-price-gte (string)
  --strike-price-lte (string)
  --style (string)
  --type (string)
  --underlying-symbols (string)
alpaca option do-not-exercise
  --symbol-or-contract-id (string)
alpaca option exercise
  --symbol-or-contract-id (string)
alpaca option get
  --symbol-or-id (string)
alpaca order cancel
  --order-id (string)
alpaca order cancel-all
alpaca order get
  --nested (bool)
  --order-id (string)
alpaca order get-by-client-id
  --client-order-id (string)
alpaca order list
  --after (string)
  --after-order-id (string)
  --asset-class (string)
  --before-order-id (string)
  --direction (string)
  --limit (int)
  --nested (bool)
  --side (string)
  --status (string, default=open)
  --symbols (string)
  --until (string)
alpaca order replace
  --advanced-instructions (string)
  --client-order-id (string)
  --limit-price (string)
  --notional (string)
  --order-id (string)
  --qty (string)
  --stop-price (string)
  --time-in-force (string)
  --trail (string)
alpaca order submit
  --advanced-instructions (string)
  --client-order-id (string)
  --dry-run (bool)
  --extended-hours (bool)
  --legs (string)
  --limit-price (string)
  --notional (string)
  --order-class (string)
  --position-intent (string)
  --qty (string)
  --side (string)
  --stop-loss (string)
  --stop-price (string)
  --symbol (string)
  --take-profit (string)
  --time-in-force (string)
  --trail-percent (string)
  --trail-price (string)
  --type (string, default=market)
alpaca position close
  --percentage (string)
  --qty (string)
  --symbol-or-asset-id (string)
alpaca position close-all
  --cancel-orders (bool)
alpaca position get
  --symbol-or-asset-id (string)
alpaca position list
alpaca profile list
alpaca profile login
  --api-key (bool)
  --key (string)
  --live (bool)
  --name (string)
  --no-validate (bool)
  --paper (bool)
  --scope (string)
  --secret (string)
alpaca profile logout
alpaca profile switch
alpaca update
  --check (bool)
  --yes (bool)
alpaca version
alpaca wallet list
  --asset (string)
  --chain (string)
  --network (string)
alpaca wallet transfer create
  --address (string)
  --amount (string)
  --asset (string)
  --chain (string)
alpaca wallet transfer estimate
  --amount (string)
  --asset (string)
  --from-address (string)
  --to-address (string)
alpaca wallet transfer get
  --transfer-id (string)
alpaca wallet transfer list
alpaca wallet whitelist add
  --address (string)
  --asset (string)
  --chain (string)
alpaca wallet whitelist delete
  --whitelisted-address-id (string)
alpaca wallet whitelist list
alpaca watchlist add
  --symbol (string)
  --watchlist-id (string)
alpaca watchlist add-by-name
  --name (string)
  --symbol (string)
alpaca watchlist create
  --name (string)
  --symbols (string)
alpaca watchlist delete
  --watchlist-id (string)
alpaca watchlist delete-by-name
  --name (string)
alpaca watchlist get
  --watchlist-id (string)
alpaca watchlist get-by-name
  --name (string)
alpaca watchlist list
alpaca watchlist remove
  --symbol (string)
  --watchlist-id (string)
alpaca watchlist remove-by-name
  --name (string)
  --symbol (string)
alpaca watchlist update
  --name (string)
  --symbols (string)
  --watchlist-id (string)
alpaca watchlist update-by-name
  --name (string)
  --new-name (string)
  --symbols (string)
